======================================================================
                             TEST REPORT                              
======================================================================

This is a test of the PDF generation pipeline.

======================================================================
Generated by Study Bible Compendium v0.1.0
======================================================================